% setup
hg init
hg add n1 dir/n2
hg add --bf
hg commit -m 'add files'
hg clone repo1 repo2
hg commit -m 'edit files'

% outgoing
hg out
hg out --bf
hg out
hg out --bf
