% test with bfiles
hg init
hg add --bf foo
hg addremove
hg commit -m 'added foo'
hg addremove

% test without bfiles
hg init
hg add foo
hg addremove
hg commit -m 'added foo'
hg addremove
