% setup
hg init
hg add
hg commit -m 'add n1 in repo1'
hg add --bf b1
hg commit -m 'add bfile b1 in repo1'
hg clone repo1 repo2
hg commit -m 'modify bfile b1 in repo1'
hg commit -m 'modify n1 in repo2'
hg pull --rebase
hg out --bf
hg commit -m 'modify n1'
hg out --bf
hg update --clean
hg init
hg add
hg commit -m 'add n1 in repo3'
hg add --bf b1
hg commit -m 'add bfile b1 in repo3'
hg clone repo3 repo4
hg commit -m 'modify bfile b1 in repo3'
hg commit -m 'modify n1 in repo4'
hg pull
hg rebase
hg out --bf
hg commit -m 'modify n1'
hg out --bf
hg update --clean
