% setup
hg init
hg add n1 dir/n2
hg add --bf
hg commit -m 'add files'
hg clone repo1 repo2
hg commit -m 'edit files'

% verify
hg verify --bf
hg verify --bf
hg push ../repo1
hg verify --bf --bfa
hg verify --bf --bfc --bfa
hg verify --bf --bfc
hg verify --bf --bfc --bfa
