% setup
hg init
hg add n1
hg commit -m 'add file'
hg add --bf b1
hg commit -m 'add bfile'
hg commit -m 'modify file'
hg commit -m 'modify bfile'
hg rm n1
hg commit -m 'remove file'
hg rm b1
hg commit -m 'remove bfile'
hg log -v
hg log -p
hg log --stat
