% setup
hg init
hg add normal1 sub/normal2
hg add --bf big1 sub/big2
hg commit -m 'add files'
hg commit -m 'edit files'
hg rm normal1 big1
hg commit -m 'remove files'
hg mv sub/normal2 normal1
hg mv sub/big2 big1
hg commit -m 'move files'
hg cp normal1 sub/normal2
hg cp big1 sub/big2
hg commit -m 'copy files'
hg archive -r 0 ../archive0
hg archive -r 1 ../archive1
hg archive -r 2 ../archive2
hg archive -r 3 ../archive3
hg archive -r 4 ../archive4
