% setup
hg init -q
hg add -q normal1 sub/normal2
hg commit -m 'add normal files'

% add existing normal files
hg add --bf normal1 sub/normal2
hg status

% add bfiles
hg add --bf big1 sub/big2
hg status
hg commit -m 'added bfiles'

% add existing bfiles
hg add --bf big1 sub/big2
hg status

% recursive add on existing subdirectory
hg add --bf -v sub
hg status
hg commit -m 'Add a whole subdir of big files'

% status after committing an add
hg status

% adding bfiles and normal files with hgrc settings
hg add dir
hg status
hg commit -m 'Added some stuff'

% adding bfiles and normal files with size setting
hg add --bfsize 10 dir2
hg status
hg commit -m 'Added some stuff'
hg add foo
hg add
hg status
