% setup
hg init
hg add
hg commit -m 'initial commit'
hg add
hg commit -m 'add more files'
hg tag -r 0 first
hg tag -r 1 second
hg tag -r 3 last
hg log -r first
hg log -r second
hg log -r last
hg log
hg kbfconvert repo1 repo2 -s 1
hg log -r first
hg log -r second
hg log -r last
hg log
hg up -r 0
hg up -r 1
hg up -r 2
hg up -r 3
hg up -r 4
hg kbfconvert repo2 repo3 --tonormal
hg log -r first
hg log -r second
hg log -r last
hg log
hg up -r 0
hg up -r 1
hg up -r 2
hg up -r 3
hg up -r 4
hg tag -R repo3 fromroot
hg log -R repo3
hg tag -R repo2 fromroot
hg log -R repo2
