% setup
hg init repo1
hg commit -A -m 'initial commit'

% create a bookmark
hg bookmark willmove
hg bookmarks

% move bookmark by committing
hg commit -m 'modify and move bookmark'
hg bookmarks

% enable bfiles, make another commit, ensure bookmark moved
hg commit -m 'modify with bfiles enabled'
hg bookmarks
