% setup
hg clone kiln://Test/Test/Test repo1
hg pull
hg pull kiln://Test/Test/Test
hg add n1
hg commit -m 'add file'
hg push
hg add n2
hg commit -m 'add another file'
hg push kiln://Test/Test/Test
